../Core/Src/main.c:75:5:_write	24	static
../Core/Src/main.c:80:5:__io_putchar	16	static
../Core/Src/main.c:100:6:readFlash	24	static
../Core/Src/main.c:114:5:main	8	static
../Core/Src/main.c:218:6:SystemClock_Config	88	static
../Core/Src/main.c:265:13:MX_ETH_Init	8	static
../Core/Src/main.c:314:13:MX_RTC_Init	8	static
../Core/Src/main.c:349:13:MX_TIM2_Init	32	static
../Core/Src/main.c:394:13:MX_USART3_UART_Init	8	static
../Core/Src/main.c:427:13:MX_GPIO_Init	56	static
../Core/Src/main.c:492:17:GetSector	24	static
../Core/Src/main.c:574:17:GetSectorSize	24	static
../Core/Src/main.c:599:6:Error_Handler	8	static,ignoring_inline_asm
