../Core/Src/main.c:93:5:_write	24	static
../Core/Src/main.c:97:5:__io_putchar	16	static
../Core/Src/main.c:106:19:update_nvitems	72	static
../Core/Src/main.c:162:6:get_time	16	static
../Core/Src/main.c:168:6:get_alarm	16	static
../Core/Src/main.c:174:6:time_display	8	static
../Core/Src/main.c:217:6:HAL_GPIO_EXTI_Callback	16	static
../Core/Src/main.c:289:6:setTime_Position	48	static
../Core/Src/main.c:356:5:main	8	static
../Core/Src/main.c:431:6:SystemClock_Config	88	static
../Core/Src/main.c:477:13:MX_NVIC_Init	8	static
../Core/Src/main.c:492:13:MX_ADC1_Init	24	static
../Core/Src/main.c:553:13:MX_ETH_Init	8	static
../Core/Src/main.c:602:13:MX_I2C1_Init	8	static
../Core/Src/main.c:650:13:MX_RTC_Init	72	static
../Core/Src/main.c:735:13:MX_USART3_UART_Init	8	static
../Core/Src/main.c:766:13:MX_DMA_Init	16	static
../Core/Src/main.c:784:13:MX_GPIO_Init	56	static
../Core/Src/main.c:856:6:HAL_RTC_AlarmAEventCallback	16	static
../Core/Src/main.c:868:6:Error_Handler	4	static,ignoring_inline_asm
