../Core/Src/main.c:86:5:_write	24	static
../Core/Src/main.c:90:5:__io_putchar	16	static
../Core/Src/main.c:116:6:get_time	16	static
../Core/Src/main.c:123:6:set_time	16	static
../Core/Src/main.c:129:6:set_alarm	16	static
../Core/Src/main.c:136:6:get_alarm	16	static
../Core/Src/main.c:142:6:time_display	8	static
../Core/Src/main.c:171:6:HAL_GPIO_EXTI_Callback	16	static
../Core/Src/main.c:218:5:main	8	static
../Core/Src/main.c:275:6:SystemClock_Config	88	static
../Core/Src/main.c:321:13:MX_NVIC_Init	8	static
../Core/Src/main.c:336:13:MX_ADC1_Init	24	static
../Core/Src/main.c:397:13:MX_ETH_Init	8	static
../Core/Src/main.c:446:13:MX_I2C1_Init	8	static
../Core/Src/main.c:494:13:MX_RTC_Init	72	static
../Core/Src/main.c:576:13:MX_USART3_UART_Init	8	static
../Core/Src/main.c:607:13:MX_DMA_Init	16	static
../Core/Src/main.c:625:13:MX_GPIO_Init	56	static
../Core/Src/main.c:704:6:Error_Handler	4	static,ignoring_inline_asm
