../Core/Src/main.c:86:5:_write	24	static
../Core/Src/main.c:90:5:__io_putchar	16	static
../Core/Src/main.c:115:6:get_time	16	static
../Core/Src/main.c:121:6:get_alarm	16	static
../Core/Src/main.c:127:6:time_display	8	static
../Core/Src/main.c:168:6:HAL_GPIO_EXTI_Callback	16	static
../Core/Src/main.c:241:6:setTime_Position	48	static
../Core/Src/main.c:308:5:main	8	static
../Core/Src/main.c:383:6:SystemClock_Config	88	static
../Core/Src/main.c:429:13:MX_NVIC_Init	8	static
../Core/Src/main.c:444:13:MX_ADC1_Init	24	static
../Core/Src/main.c:505:13:MX_ETH_Init	8	static
../Core/Src/main.c:554:13:MX_I2C1_Init	8	static
../Core/Src/main.c:602:13:MX_RTC_Init	72	static
../Core/Src/main.c:687:13:MX_USART3_UART_Init	8	static
../Core/Src/main.c:718:13:MX_DMA_Init	16	static
../Core/Src/main.c:736:13:MX_GPIO_Init	56	static
../Core/Src/main.c:808:6:HAL_RTC_AlarmAEventCallback	16	static
../Core/Src/main.c:820:6:Error_Handler	4	static,ignoring_inline_asm
