../Core/Src/main.c:106:5:_write	24	static
../Core/Src/main.c:110:5:__io_putchar	16	static
../Core/Src/main.c:119:19:update_nvitems	72	static
../Core/Src/main.c:176:6:get_time	16	static
../Core/Src/main.c:182:6:get_alarm	16	static
../Core/Src/main.c:188:6:time_display	8	static
../Core/Src/main.c:230:6:HAL_GPIO_EXTI_Callback	16	static
../Core/Src/main.c:279:6:setTime_Position	48	static
../Core/Src/main.c:357:6:music_select	16	static
../Core/Src/main.c:376:5:main	8	static
../Core/Src/main.c:494:6:SystemClock_Config	88	static
../Core/Src/main.c:540:13:MX_NVIC_Init	8	static
../Core/Src/main.c:558:13:MX_ADC1_Init	24	static
../Core/Src/main.c:619:13:MX_ETH_Init	8	static
../Core/Src/main.c:668:13:MX_I2C1_Init	8	static
../Core/Src/main.c:716:13:MX_RTC_Init	72	static
../Core/Src/main.c:800:13:MX_TIM2_Init	32	static
../Core/Src/main.c:845:13:MX_TIM3_Init	48	static
../Core/Src/main.c:894:13:MX_USART3_UART_Init	8	static
../Core/Src/main.c:925:13:MX_DMA_Init	16	static
../Core/Src/main.c:943:13:MX_GPIO_Init	56	static
../Core/Src/main.c:1015:6:HAL_RTC_AlarmAEventCallback	16	static
../Core/Src/main.c:1024:6:HAL_TIM_PeriodElapsedCallback	24	static
../Core/Src/main.c:1067:6:Error_Handler	4	static,ignoring_inline_asm
