../Core/Src/main.c:70:5:_write	24	static
../Core/Src/main.c:75:5:__io_putchar	16	static
../Core/Src/main.c:92:5:main	8	static
../Core/Src/main.c:160:6:SystemClock_Config	88	static
../Core/Src/main.c:205:13:MX_NVIC_Init	8	static
../Core/Src/main.c:217:13:MX_ETH_Init	8	static
../Core/Src/main.c:266:13:MX_USART3_UART_Init	8	static
../Core/Src/main.c:299:13:MX_USB_OTG_FS_PCD_Init	8	static
../Core/Src/main.c:334:13:MX_GPIO_Init	56	static
../Core/Src/main.c:385:6:HAL_UART_RxCpltCallback	16	static
../Core/Src/main.c:397:6:Error_Handler	4	static,ignoring_inline_asm
