../Core/Src/main.c:86:5:_write	24	static
../Core/Src/main.c:92:5:_io_putchar	16	static
../Core/Src/main.c:111:6:get_time	16	static
../Core/Src/main.c:129:6:delay_us	16	static
../Core/Src/main.c:133:6:Set_Pin_Output	40	static
../Core/Src/main.c:142:6:Set_Pin_Input	40	static
../Core/Src/main.c:150:6:DHT11_Start	8	static
../Core/Src/main.c:157:9:DHT11_Check_Response	16	static
../Core/Src/main.c:171:9:DHT11_Read	16	static
../Core/Src/main.c:246:7:setModeCheck	16	static
../Core/Src/main.c:203:5:main	64	static
../Core/Src/main.c:332:6:SystemClock_Config	88	static
../Core/Src/main.c:378:13:MX_NVIC_Init	8	static
../Core/Src/main.c:393:13:MX_ADC1_Init	24	static
../Core/Src/main.c:445:13:MX_DAC_Init	16	static
../Core/Src/main.c:485:13:MX_ETH_Init	8	static
../Core/Src/main.c:534:13:MX_I2C1_Init	8	static
../Core/Src/main.c:582:13:MX_RTC_Init	32	static
../Core/Src/main.c:646:13:MX_TIM1_Init	32	static
../Core/Src/main.c:692:13:MX_TIM2_Init	32	static
../Core/Src/main.c:737:13:MX_USART3_UART_Init	8	static
../Core/Src/main.c:770:13:MX_USB_OTG_FS_PCD_Init	8	static
../Core/Src/main.c:805:13:MX_GPIO_Init	56	static
../Core/Src/main.c:867:6:HAL_GPIO_EXTI_Callback	16	static
../Core/Src/main.c:912:6:HAL_TIM_PeriodElapsedCallback	16	static
../Core/Src/main.c:925:6:Error_Handler	4	static,ignoring_inline_asm
