../Core/Src/main.c:83:5:_write	24	static
../Core/Src/main.c:88:5:__io_putchar	16	static
../Core/Src/main.c:104:6:get_time	16	static
../Core/Src/main.c:122:6:set_Date	32	static
../Core/Src/main.c:141:6:delay_us	16	static
../Core/Src/main.c:145:6:Set_Pin_Output	40	static
../Core/Src/main.c:154:6:Set_Pin_Input	40	static
../Core/Src/main.c:162:6:DHT11_Start	8	static
../Core/Src/main.c:169:9:DHT11_Check_Response	16	static
../Core/Src/main.c:183:9:DHT11_Read	16	static
../Core/Src/main.c:254:7:setModeCheck	16	static
../Core/Src/main.c:205:5:main	32	static
../Core/Src/main.c:334:6:SystemClock_Config	88	static
../Core/Src/main.c:380:13:MX_NVIC_Init	8	static
../Core/Src/main.c:395:13:MX_ETH_Init	8	static
../Core/Src/main.c:444:13:MX_I2C1_Init	8	static
../Core/Src/main.c:492:13:MX_RTC_Init	72	static
../Core/Src/main.c:576:13:MX_TIM1_Init	32	static
../Core/Src/main.c:622:13:MX_TIM2_Init	32	static
../Core/Src/main.c:667:13:MX_USART3_UART_Init	8	static
../Core/Src/main.c:700:13:MX_USB_OTG_FS_PCD_Init	8	static
../Core/Src/main.c:735:13:MX_GPIO_Init	56	static
../Core/Src/main.c:803:6:HAL_TIM_PeriodElapsedCallback	16	static
../Core/Src/main.c:812:6:Error_Handler	4	static,ignoring_inline_asm
