../Core/Src/main.c:100:5:main	8	static
../Core/Src/main.c:149:6:SystemClock_Config	88	static
../Core/Src/main.c:188:13:MX_NVIC_Init	8	static
../Core/Src/main.c:203:13:MX_TIM2_Init	32	static
../Core/Src/main.c:248:13:MX_TIM3_Init	64	static
../Core/Src/main.c:307:13:MX_TIM4_Init	32	static
../Core/Src/main.c:352:13:MX_GPIO_Init	40	static
../Core/Src/main.c:390:6:HAL_GPIO_EXTI_Callback	16	static
../Core/Src/main.c:399:6:HAL_TIM_PeriodElapsedCallback	24	static
../Core/Src/main.c:440:6:Error_Handler	4	static,ignoring_inline_asm
