20:03:17 **** Build of configuration Debug for project ADC_DAC ****
make -j8 all 
arm-none-eabi-gcc "../Core/Src/main.c" -mcpu=cortex-m4 -std=gnu11 -g3 -DDEBUG -DUSE_HAL_DRIVER -DSTM32F429xx -c -I../Core/Inc -I../Drivers/STM32F4xx_HAL_Driver/Inc -I../Drivers/STM32F4xx_HAL_Driver/Inc/Legacy -I../Drivers/CMSIS/Device/ST/STM32F4xx/Include -I../Drivers/CMSIS/Include -O0 -ffunction-sections -fdata-sections -Wall -fstack-usage -fcyclomatic-complexity -MMD -MP -MF"Core/Src/main.d" -MT"Core/Src/main.o" --specs=nano.specs -mfpu=fpv4-sp-d16 -mfloat-abi=hard -mthumb -o "Core/Src/main.o"
arm-none-eabi-gcc -o "ADC_DAC.elf" @"objects.list"   -mcpu=cortex-m4 -T"C:\Users\okeunji\STM32CubeIDE\workspace_1.13.2\ADC_DAC\STM32F429ZITX_FLASH.ld" --specs=nosys.specs -Wl,-Map="ADC_DAC.map" -Wl,--gc-sections -static --specs=nano.specs -mfpu=fpv4-sp-d16 -mfloat-abi=hard -mthumb -Wl,--start-group -lc -lm -Wl,--end-group
Finished building target: ADC_DAC.elf
 
arm-none-eabi-size   ADC_DAC.elf 
arm-none-eabi-objdump -h -S  ADC_DAC.elf  > "ADC_DAC.list"
   text	   data	    bss	    dec	    hex	filename
  20860	    112	   3920	  24892	   613c	ADC_DAC.elf
Finished building: default.size.stdout
 
Finished building: ADC_DAC.list
 

20:03:19 Build Finished. 0 errors, 0 warnings. (took 1s.935ms)

