15:59:52 **** Incremental Build of configuration Debug for project ADC_ex ****
make -j8 all 
arm-none-eabi-gcc "../Core/Src/main.c" -mcpu=cortex-m4 -std=gnu11 -g3 -DDEBUG -DUSE_HAL_DRIVER -DSTM32F429xx -c -I../Core/Inc -I../Drivers/STM32F4xx_HAL_Driver/Inc -I../Drivers/STM32F4xx_HAL_Driver/Inc/Legacy -I../Drivers/CMSIS/Device/ST/STM32F4xx/Include -I../Drivers/CMSIS/Include -O0 -ffunction-sections -fdata-sections -Wall -fstack-usage -fcyclomatic-complexity -MMD -MP -MF"Core/Src/main.d" -MT"Core/Src/main.o" --specs=nano.specs -mfpu=fpv4-sp-d16 -mfloat-abi=hard -mthumb -o "Core/Src/main.o"
../Core/Src/main.c: In function 'HAL_ADC_ConvCpltCallback':
../Core/Src/main.c:81:17: warning: implicit declaration of function 'sprintf' [-Wimplicit-function-declaration]
   81 |                 sprintf(uart_buf, "ADC Value : %d \r\n", adc_value);
      |                 ^~~~~~~
../Core/Src/main.c:22:1: note: include '<stdio.h>' or provide a declaration of 'sprintf'
   21 | #include "string.h"
  +++ |+#include <stdio.h>
   22 | 
../Core/Src/main.c:81:17: warning: incompatible implicit declaration of built-in function 'sprintf' [-Wbuiltin-declaration-mismatch]
   81 |                 sprintf(uart_buf, "ADC Value : %d \r\n", adc_value);
      |                 ^~~~~~~
../Core/Src/main.c:81:17: note: include '<stdio.h>' or provide a declaration of 'sprintf'
arm-none-eabi-gcc -o "ADC_ex.elf" @"objects.list"   -mcpu=cortex-m4 -T"C:\Users\okeunji\STM32CubeIDE\workspace_1.13.2\ADC_ex\STM32F429ZITX_FLASH.ld" --specs=nosys.specs -Wl,-Map="ADC_ex.map" -Wl,--gc-sections -static --specs=nano.specs -mfpu=fpv4-sp-d16 -mfloat-abi=hard -mthumb -Wl,--start-group -lc -lm -Wl,--end-group
Finished building target: ADC_ex.elf
 
arm-none-eabi-size   ADC_ex.elf 
arm-none-eabi-objdump -h -S  ADC_ex.elf  > "ADC_ex.list"
   text	   data	    bss	    dec	    hex	filename
  18612	    100	   3932	  22644	   5874	ADC_ex.elf
Finished building: default.size.stdout
 
Finished building: ADC_ex.list
 

15:59:53 Build Finished. 0 errors, 2 warnings. (took 1s.25ms)

