09:40:49 **** Incremental Build of configuration Debug for project clock ****
make -j8 all 
arm-none-eabi-gcc "../Core/Src/main.c" -mcpu=cortex-m4 -std=gnu11 -g3 -DDEBUG -DUSE_HAL_DRIVER -DSTM32F429xx -c -I../Core/Inc -I../Drivers/STM32F4xx_HAL_Driver/Inc -I../Drivers/STM32F4xx_HAL_Driver/Inc/Legacy -I../Drivers/CMSIS/Device/ST/STM32F4xx/Include -I../Drivers/CMSIS/Include -O0 -ffunction-sections -fdata-sections -Wall -fstack-usage -fcyclomatic-complexity -MMD -MP -MF"Core/Src/main.d" -MT"Core/Src/main.o" --specs=nano.specs -mfpu=fpv4-sp-d16 -mfloat-abi=hard -mthumb -o "Core/Src/main.o"
In file included from ../Core/Src/main.c:28:
../Core/Inc/flash.h:24:1: warning: missing braces around initializer [-Wmissing-braces]
   24 | {
      | ^
......
   27 |   {0,0,0},
      |    {    }
../Core/Inc/flash.h:24:1: warning: missing braces around initializer [-Wmissing-braces]
   24 | {
      | ^
......
   27 |   {0,0,0},
      |    {    }
../Core/Src/main.c: In function 'update_nvitems':
../Core/Src/main.c:134:25: warning: assignment to 'uint32_t' {aka 'long unsigned int'} from 'uint8_t *' {aka 'unsigned char *'} makes integer from pointer without a cast [-Wint-conversion]
  134 |                 Address = (uint8_t*)nv_items+i;
      |                         ^
../Core/Src/main.c: In function 'main':
../Core/Src/main.c:405:28: warning: format '%d' expects argument of type 'int', but argument 2 has type 'uint32_t' {aka 'long unsigned int'} [-Wformat=]
  405 |                   printf("%d, %d \r\n", XY[0], XY[1]);
      |                           ~^            ~~~~~
      |                            |              |
      |                            int            uint32_t {aka long unsigned int}
      |                           %ld
../Core/Src/main.c:405:32: warning: format '%d' expects argument of type 'int', but argument 3 has type 'uint32_t' {aka 'long unsigned int'} [-Wformat=]
  405 |                   printf("%d, %d \r\n", XY[0], XY[1]);
      |                               ~^               ~~~~~
      |                                |                 |
      |                                int               uint32_t {aka long unsigned int}
      |                               %ld
In file included from ../Core/Src/main.c:28:
../Core/Src/main.c: At top level:
../Core/Inc/flash.h:83:17: warning: 'GetSector' declared 'static' but never defined [-Wunused-function]
   83 | static uint32_t GetSector(uint32_t Address);
      |                 ^~~~~~~~~
../Core/Inc/flash.h:85:17: warning: 'GetSectorSize' declared 'static' but never defined [-Wunused-function]
   85 | static uint32_t GetSectorSize(uint32_t Sector);
      |                 ^~~~~~~~~~~~~
../Core/Src/main.c: In function 'update_nvitems':
../Core/Src/main.c:144:1: warning: control reaches end of non-void function [-Wreturn-type]
  144 | }
      | ^
arm-none-eabi-gcc -o "clock.elf" @"objects.list"   -mcpu=cortex-m4 -T"C:\Users\okeunji\STM32CubeIDE\workspace_1.13.2\clock\STM32F429ZITX_FLASH.ld" --specs=nosys.specs -Wl,-Map="clock.map" -Wl,--gc-sections -static --specs=nano.specs -mfpu=fpv4-sp-d16 -mfloat-abi=hard -mthumb -Wl,--start-group -lc -lm -Wl,--end-group
Finished building target: clock.elf
 
arm-none-eabi-size   clock.elf 
arm-none-eabi-objdump -h -S  clock.elf  > "clock.list"
   text	   data	    bss	    dec	    hex	filename
  30636	    120	   2992	  33748	   83d4	clock.elf
Finished building: default.size.stdout
 
Finished building: clock.list
 

09:40:50 Build Finished. 0 errors, 8 warnings. (took 1s.181ms)

