09:36:37 **** Build of configuration Debug for project multo_fuc_shield ****
make -j8 all 
arm-none-eabi-gcc "../Core/Src/main.c" -mcpu=cortex-m4 -std=gnu11 -g3 -DDEBUG -DUSE_HAL_DRIVER -DSTM32F429xx -c -I../Core/Inc -I../Drivers/STM32F4xx_HAL_Driver/Inc -I../Drivers/STM32F4xx_HAL_Driver/Inc/Legacy -I../Drivers/CMSIS/Device/ST/STM32F4xx/Include -I../Drivers/CMSIS/Include -O0 -ffunction-sections -fdata-sections -Wall -fstack-usage -fcyclomatic-complexity -MMD -MP -MF"Core/Src/main.d" -MT"Core/Src/main.o" --specs=nano.specs -mfpu=fpv4-sp-d16 -mfloat-abi=hard -mthumb -o "Core/Src/main.o"
arm-none-eabi-gcc -o "multo_fuc_shield.elf" @"objects.list"   -mcpu=cortex-m4 -T"C:\Users\okeunji\STM32CubeIDE\workspace_1.13.2\multo_fuc_shield\STM32F429ZITX_FLASH.ld" --specs=nosys.specs -Wl,-Map="multo_fuc_shield.map" -Wl,--gc-sections -static --specs=nano.specs -mfpu=fpv4-sp-d16 -mfloat-abi=hard -mthumb -Wl,--start-group -lc -lm -Wl,--end-group
Finished building target: multo_fuc_shield.elf
 
arm-none-eabi-size   multo_fuc_shield.elf 
arm-none-eabi-objdump -h -S  multo_fuc_shield.elf  > "multo_fuc_shield.list"
   text	   data	    bss	    dec	    hex	filename
  10880	     20	   2932	  13832	   3608	multo_fuc_shield.elf
Finished building: default.size.stdout
 
Finished building: multo_fuc_shield.list
 

09:36:38 Build Finished. 0 errors, 0 warnings. (took 1s.269ms)

