15:59:41 **** Incremental Build of configuration Debug for project risingfaliing ****
make -j8 all 
arm-none-eabi-gcc "../Core/Src/main.c" -mcpu=cortex-m4 -std=gnu11 -g3 -DDEBUG -DUSE_HAL_DRIVER -DSTM32F429xx -c -I../Core/Inc -I../Drivers/STM32F4xx_HAL_Driver/Inc -I../Drivers/STM32F4xx_HAL_Driver/Inc/Legacy -I../Drivers/CMSIS/Device/ST/STM32F4xx/Include -I../Drivers/CMSIS/Include -O0 -ffunction-sections -fdata-sections -Wall -fstack-usage -fcyclomatic-complexity -MMD -MP -MF"Core/Src/main.d" -MT"Core/Src/main.o" --specs=nano.specs -mfpu=fpv4-sp-d16 -mfloat-abi=hard -mthumb -o "Core/Src/main.o"
arm-none-eabi-gcc -o "risingfaliing.elf" @"objects.list"   -mcpu=cortex-m4 -T"C:\Users\okeunji\STM32CubeIDE\workspace_1.13.2\risingfaliing\STM32F429ZITX_FLASH.ld" --specs=nosys.specs -Wl,-Map="risingfaliing.map" -Wl,--gc-sections -static --specs=nano.specs -mfpu=fpv4-sp-d16 -mfloat-abi=hard -mthumb -Wl,--start-group -lc -lm -Wl,--end-group
Finished building target: risingfaliing.elf
 
arm-none-eabi-size   risingfaliing.elf 
arm-none-eabi-objdump -h -S  risingfaliing.elf  > "risingfaliing.list"
   text	   data	    bss	    dec	    hex	filename
  14228	    112	   2552	  16892	   41fc	risingfaliing.elf
Finished building: default.size.stdout
 
Finished building: risingfaliing.list
 

15:59:42 Build Finished. 0 errors, 0 warnings. (took 1s.34ms)

