14:26:46 **** Incremental Build of configuration Debug for project temperature ****
make -j8 all 
arm-none-eabi-gcc "../Core/Src/main.c" -mcpu=cortex-m4 -std=gnu11 -g3 -DDEBUG -DUSE_HAL_DRIVER -DSTM32F429xx -c -I../Core/Inc -I../Drivers/STM32F4xx_HAL_Driver/Inc -I../Drivers/STM32F4xx_HAL_Driver/Inc/Legacy -I../Drivers/CMSIS/Device/ST/STM32F4xx/Include -I../Drivers/CMSIS/Include -O0 -ffunction-sections -fdata-sections -Wall -fstack-usage -fcyclomatic-complexity -MMD -MP -MF"Core/Src/main.d" -MT"Core/Src/main.o" --specs=nano.specs -mfpu=fpv4-sp-d16 -mfloat-abi=hard -mthumb -o "Core/Src/main.o"
arm-none-eabi-gcc -o "temperature.elf" @"objects.list"   -mcpu=cortex-m4 -T"C:\Users\okeunji\STM32CubeIDE\workspace_1.13.2\temperature\STM32F429ZITX_FLASH.ld" --specs=nosys.specs -Wl,-Map="temperature.map" -Wl,--gc-sections -static --specs=nano.specs -mfpu=fpv4-sp-d16 -mfloat-abi=hard -mthumb -u _printf_float -Wl,--start-group -lc -lm -Wl,--end-group
Finished building target: temperature.elf
 
arm-none-eabi-size   temperature.elf 
arm-none-eabi-objdump -h -S  temperature.elf  > "temperature.list"
   text	   data	    bss	    dec	    hex	filename
  33992	    476	   4116	  38584	   96b8	temperature.elf
Finished building: default.size.stdout
 
Finished building: temperature.list
 

14:26:47 Build Finished. 0 errors, 0 warnings. (took 1s.122ms)

