19:50:01 **** Incremental Build of configuration Debug for project temp_LCD2 ****
make -j8 all 
arm-none-eabi-gcc "../Core/Src/main.c" -mcpu=cortex-m4 -std=gnu11 -g3 -DDEBUG -DUSE_HAL_DRIVER -DSTM32F429xx -c -I../Core/Inc -I../Drivers/STM32F4xx_HAL_Driver/Inc -I../Drivers/STM32F4xx_HAL_Driver/Inc/Legacy -I../Drivers/CMSIS/Device/ST/STM32F4xx/Include -I../Drivers/CMSIS/Include -O0 -ffunction-sections -fdata-sections -Wall -fstack-usage -fcyclomatic-complexity -MMD -MP -MF"Core/Src/main.d" -MT"Core/Src/main.o" --specs=nano.specs -mfpu=fpv4-sp-d16 -mfloat-abi=hard -mthumb -o "Core/Src/main.o"
arm-none-eabi-gcc -o "temp_LCD2.elf" @"objects.list"   -mcpu=cortex-m4 -T"C:\Users\okeunji\STM32CubeIDE\workspace_1.13.2\temp_LCD2\STM32F429ZITX_FLASH.ld" --specs=nosys.specs -Wl,-Map="temp_LCD2.map" -Wl,--gc-sections -static --specs=nano.specs -mfpu=fpv4-sp-d16 -mfloat-abi=hard -mthumb -u _printf_float -Wl,--start-group -lc -lm -Wl,--end-group
Finished building target: temp_LCD2.elf
 
arm-none-eabi-size   temp_LCD2.elf 
arm-none-eabi-objdump -h -S  temp_LCD2.elf  > "temp_LCD2.list"
   text	   data	    bss	    dec	    hex	filename
  38416	    484	   4188	  43088	   a850	temp_LCD2.elf
Finished building: default.size.stdout
 
Finished building: temp_LCD2.list
 

19:50:02 Build Finished. 0 errors, 0 warnings. (took 1s.158ms)

