../Core/Src/main.c:75:5:_write	24	static
../Core/Src/main.c:80:5:__io_putchar	16	static
../Core/Src/main.c:97:5:main	128	static
../Core/Src/main.c:200:6:SystemClock_Config	88	static
../Core/Src/main.c:246:13:MX_ADC1_Init	24	static
../Core/Src/main.c:298:13:MX_ETH_Init	8	static
../Core/Src/main.c:347:13:MX_I2C1_Init	8	static
../Core/Src/main.c:395:13:MX_TIM3_Init	64	static
../Core/Src/main.c:454:13:MX_USART3_UART_Init	8	static
../Core/Src/main.c:487:13:MX_USB_OTG_FS_PCD_Init	8	static
../Core/Src/main.c:522:13:MX_GPIO_Init	56	static
../Core/Src/main.c:580:6:Error_Handler	4	static,ignoring_inline_asm
